// Jest Snapshot v1, https://goo.gl/fbAQLP

exports[`Account Action in Header shows ADD And MyArticles And Logout Buttons for writer 1`] = `"<div style=\\"width: 100%; background-color: rgb(106, 89, 202); color: rgb(226, 226, 226); height: 55px; display: flex; justify-content: space-between; padding: .5rem 4rem;\\"><div style=\\"flex-grow: 1;\\" class=\\"logo-container\\"><h1><a href=\\"/\\">News App</a><button><a href=\\"/add\\">Add</a></button><button><a href=\\"/myarticles\\">My articles</a></button></h1></div><div>John<a href=\\"/Logout\\" id=\\"logout\\" style=\\"margin: 0px 10px; color: rgb(0, 0, 0);\\">Logout</a></div></div>"`;

exports[`Account Action in Header shows Login buttons(Google, Azure) 1`] = `"<div style=\\"width: 100%; background-color: rgb(106, 89, 202); color: rgb(226, 226, 226); height: 55px; display: flex; justify-content: space-between; padding: .5rem 4rem;\\"><div style=\\"flex-grow: 1;\\" class=\\"logo-container\\"><h1><a href=\\"/\\">News App</a></h1></div><div><div class=\\"userarea\\"><a href=\\"/login\\">Writer Login</a><a href=\\"/logingoogle\\" style=\\"color: yellow;\\">Join by Google</a></div></div></div>"`;

exports[`Account Action in Header shows Logout 1`] = `"<div style=\\"width: 100%; background-color: rgb(106, 89, 202); color: rgb(226, 226, 226); height: 55px; display: flex; justify-content: space-between; padding: .5rem 4rem;\\"><div style=\\"flex-grow: 1;\\" class=\\"logo-container\\"><h1><a href=\\"/\\">News App</a></h1></div><div>John<a href=\\"/Logout\\" id=\\"logout\\" style=\\"margin: 0px 10px; color: rgb(0, 0, 0);\\">Logout</a></div></div>"`;
